2026-08-27T10:00:00 INFO auth 200 27 0
2026-08-27T10:00:01 INFO auth 200 47 0
2026-08-27T10:00:02 INFO api 200 68 0
2026-08-27T10:00:03 INFO api 201 51 0
2026-08-27T10:00:04 INFO database 200 93 0
2026-08-27T10:00:05 INFO auth 204 21 0
2026-08-27T10:00:06 INFO api 200 110 0
2026-08-27T10:00:07 WARNING api 200 102 0
2026-08-27T10:00:08 WARNING auth 200 77 0
2026-08-27T10:00:09 INFO database 201 144 0
2026-08-27T10:00:10 ERROR database 500 814 1
2026-08-27T10:00:11 ERROR api 500 641 1
2026-08-27T10:00:12 ERROR auth 503 918 1
2026-08-27T10:00:13 WARNING api 429 308 1
2026-08-27T10:00:14 WARNING api 429 285 1
2026-08-27T10:00:15 ERROR database 500 1195 1

2026-08-27T10:00:16 INFO api 500 452 1
2026-08-27T10:00:17 WARNING database 503 692 1
2026-08-27T10:00:18 ERROR api 500 179 1
2026-08-27T10:00:19 INFO database 200 986 1
2026-08-27T10:00:20 WARNING auth 429 216 1
2026-08-27T10:00:21 INFO auth 200 43 0
2026-08-27T10:00:22 INFO api 200 68 0
2026-08-27T10:00:23 ERROR auth 500 560 1
2026-08-27T10:00:24 INFO auth 200 42 0
2026-08-27T10:00:25 INFO auth 200 45 0
2026-08-27T10:00:26 INFO api 200 66 0
2026-08-27T10:00:27 INFO api 201 49 0
2026-08-27T10:00:28 INFO database 200 91 0
2026-08-27T10:00:29 INFO auth 204 36 0
2026-08-27T10:00:30 INFO api 200 108 0
2026-08-27T10:00:31 WARNING api 200 100 0

2026-08-27T10:00:32 WARNING auth 200 75 0
2026-08-27T10:00:33 INFO database 201 142 0
2026-08-27T10:00:34 ERROR database 500 812 1
2026-08-27T10:00:35 ERROR api 500 639 1
2026-08-27T10:00:36 ERROR auth 503 916 1
2026-08-27T10:00:37 WARNING api 429 306 1
2026-08-27T10:00:38 WARNING api 429 283 1
2026-08-27T10:00:39 ERROR database 500 1193 1
2026-08-27T10:00:40 INFO api 500 450 1
2026-08-27T10:00:41 WARNING database 503 707 1
2026-08-27T10:00:42 ERROR api 500 177 1
2026-08-27T10:00:43 INFO database 200 984 1
2026-08-27T10:00:44 WARNING auth 429 214 1
2026-08-27T10:00:45 INFO auth 200 41 0
2026-08-27T10:00:46 INFO api 200 83 0
2026-08-27T10:00:47 ERROR auth 500 558 1

2026-08-27T10:00:48 INFO auth 200 40 0
2026-08-27T10:00:49 INFO auth 200 43 0
2026-08-27T10:00:50 INFO api 200 64 0
2026-08-27T10:00:51 INFO api 201 47 0
2026-08-27T10:00:52 INFO database 200 89 0
2026-08-27T10:00:53 INFO auth 204 34 0
2026-08-27T10:00:54 INFO api 200 106 0
2026-08-27T10:00:55 WARNING api 200 98 0
2026-08-27T10:00:56 WARNING auth 200 73 0
2026-08-27T10:00:57 INFO database 201 140 0
2026-08-27T10:00:58 ERROR database 500 827 1
2026-08-27T10:00:59 ERROR api 500 637 1
2026-08-27T10:01:00 ERROR auth 503 914 1
2026-08-27T10:01:01 WARNING api 429 304 1
2026-08-27T10:01:02 WARNING api 429 281 1
2026-08-27T10:01:03 ERROR database 500 1208 1

2026-08-27T10:01:04 INFO api 500 448 1
2026-08-27T10:01:05 WARNING database 503 705 1
2026-08-27T10:01:06 ERROR api 500 175 1
2026-08-27T10:01:07 INFO database 200 982 1
2026-08-27T10:01:08 WARNING auth 429 212 1
2026-08-27T10:01:09 INFO auth 200 39 0
2026-08-27T10:01:10 INFO api 200 81 0
2026-08-27T10:01:11 ERROR auth 500 556 1
2026-08-27T10:01:12 INFO auth 200 38 0
2026-08-27T10:01:13 INFO auth 200 41 0
2026-08-27T10:01:14 INFO api 200 62 0
2026-08-27T10:01:15 INFO api 201 62 0
2026-08-27T10:01:16 INFO database 200 87 0
2026-08-27T10:01:17 INFO auth 204 32 0
2026-08-27T10:01:18 INFO api 200 104 0
2026-08-27T10:01:19 WARNING api 200 96 0

2026-08-27T10:01:20 WARNING auth 200 88 0
2026-08-27T10:01:21 INFO database 201 138 0
2026-08-27T10:01:22 ERROR database 500 825 1
2026-08-27T10:01:23 ERROR api 500 635 1
2026-08-27T10:01:24 ERROR auth 503 912 1
2026-08-27T10:01:25 WARNING api 429 302 1
2026-08-27T10:01:26 WARNING api 429 279 1
2026-08-27T10:01:27 ERROR database 500 1206 1
2026-08-27T10:01:28 INFO api 500 446 1
2026-08-27T10:01:29 WARNING database 503 703 1
2026-08-27T10:01:30 ERROR api 500 173 1
2026-08-27T10:01:31 INFO database 200 980 1
2026-08-27T10:01:32 WARNING auth 429 227 1
2026-08-27T10:01:33 INFO auth 200 37 0
2026-08-27T10:01:34 INFO api 200 79 0
2026-08-27T10:01:35 ERROR auth 500 554 1

